// Vitest Snapshot v1, https://vitest.dev/guide/snapshot.html

exports[`Button renders correctly 1`] = `
<div>
  <button
    class="bg-amber-300"
  >
    hello world
  </button>
</div>
`;
